Traceback (most recent call last):
  File "<frozen runpy>", line 203, in _run_module_as_main
  File "<frozen runpy>", line 88, in _run_code
  File "C:\Users\Mark\PycharmProjects\melder_private\.venv_new\Lib\site-packages\pytest\__main__.py", line 9, in <module>
    raise SystemExit(_console_main())
                     ~~~~~~~~~~~~~^^
  File "C:\Users\Mark\PycharmProjects\melder_private\.venv_new\Lib\site-packages\_pytest\config\__init__.py", line 253, in _console_main
    code = _main(prog=_get_prog_name(sys.argv))
  File "C:\Users\Mark\PycharmProjects\melder_private\.venv_new\Lib\site-packages\_pytest\config\__init__.py", line 229, in _main
    ret: ExitCode | int = config.hook.pytest_cmdline_main(config=config)
                          ~~~~~~~~~~~~~~~~~~~~~~~~~~~~~~~^^^^^^^^^^^^^^^
  File "C:\Users\Mark\PycharmProjects\melder_private\.venv_new\Lib\site-packages\pluggy\_hooks.py", line 512, in __call__
    return self._hookexec(self.name, self._hookimpls.copy(), kwargs, firstresult)
           ~~~~~~~~~~~~~~^^^^^^^^^^^^^^^^^^^^^^^^^^^^^^^^^^^^^^^^^^^^^^^^^^^^^^^^
  File "C:\Users\Mark\PycharmProjects\melder_private\.venv_new\Lib\site-packages\pluggy\_manager.py", line 120, in _hookexec
    return self._inner_hookexec(hook_name, methods, kwargs, firstresult)
           ~~~~~~~~~~~~~~~~~~~~^^^^^^^^^^^^^^^^^^^^^^^^^^^^^^^^^^^^^^^^^
  File "C:\Users\Mark\PycharmProjects\melder_private\.venv_new\Lib\site-packages\pluggy\_callers.py", line 167, in _multicall
    raise exception
  File "C:\Users\Mark\PycharmProjects\melder_private\.venv_new\Lib\site-packages\pluggy\_callers.py", line 121, in _multicall
    res = hook_impl.function(*args)
  File "C:\Users\Mark\PycharmProjects\melder_private\.venv_new\Lib\site-packages\_pytest\main.py", line 377, in pytest_cmdline_main
    return wrap_session(config, _main)
  File "C:\Users\Mark\PycharmProjects\melder_private\.venv_new\Lib\site-packages\_pytest\main.py", line 365, in wrap_session
    config.hook.pytest_sessionfinish(
    ~~~~~~~~~~~~~~~~~~~~~~~~~~~~~~~~^
        session=session, exitstatus=session.exitstatus
        ^^^^^^^^^^^^^^^^^^^^^^^^^^^^^^^^^^^^^^^^^^^^^^
    )
    ^
  File "C:\Users\Mark\PycharmProjects\melder_private\.venv_new\Lib\site-packages\pluggy\_hooks.py", line 512, in __call__
    return self._hookexec(self.name, self._hookimpls.copy(), kwargs, firstresult)
           ~~~~~~~~~~~~~~^^^^^^^^^^^^^^^^^^^^^^^^^^^^^^^^^^^^^^^^^^^^^^^^^^^^^^^^
  File "C:\Users\Mark\PycharmProjects\melder_private\.venv_new\Lib\site-packages\pluggy\_manager.py", line 120, in _hookexec
    return self._inner_hookexec(hook_name, methods, kwargs, firstresult)
           ~~~~~~~~~~~~~~~~~~~~^^^^^^^^^^^^^^^^^^^^^^^^^^^^^^^^^^^^^^^^^
  File "C:\Users\Mark\PycharmProjects\melder_private\.venv_new\Lib\site-packages\pluggy\_callers.py", line 167, in _multicall
    raise exception
  File "C:\Users\Mark\PycharmProjects\melder_private\.venv_new\Lib\site-packages\pluggy\_callers.py", line 139, in _multicall
    teardown.throw(exception)
    ~~~~~~~~~~~~~~^^^^^^^^^^^
  File "C:\Users\Mark\PycharmProjects\melder_private\.venv_new\Lib\site-packages\_pytest\logging.py", line 888, in pytest_sessionfinish
    return (yield)
            ^^^^^
  File "C:\Users\Mark\PycharmProjects\melder_private\.venv_new\Lib\site-packages\pluggy\_callers.py", line 139, in _multicall
    teardown.throw(exception)
    ~~~~~~~~~~~~~~^^^^^^^^^^^
  File "C:\Users\Mark\PycharmProjects\melder_private\.venv_new\Lib\site-packages\_pytest\terminal.py", line 961, in pytest_sessionfinish
    result = yield
             ^^^^^
  File "C:\Users\Mark\PycharmProjects\melder_private\.venv_new\Lib\site-packages\pluggy\_callers.py", line 139, in _multicall
    teardown.throw(exception)
    ~~~~~~~~~~~~~~^^^^^^^^^^^
  File "C:\Users\Mark\PycharmProjects\melder_private\.venv_new\Lib\site-packages\_pytest\warnings.py", line 119, in pytest_sessionfinish
    return (yield)
            ^^^^^
  File "C:\Users\Mark\PycharmProjects\melder_private\.venv_new\Lib\site-packages\pluggy\_callers.py", line 121, in _multicall
    res = hook_impl.function(*args)
  File "C:\Users\Mark\PycharmProjects\melder_private\.venv_new\Lib\site-packages\_pytest\tmpdir.py", line 337, in pytest_sessionfinish
    cleanup_dead_symlinks(basetemp)
    ~~~~~~~~~~~~~~~~~~~~~^^^^^^^^^^
  File "C:\Users\Mark\PycharmProjects\melder_private\.venv_new\Lib\site-packages\_pytest\pathlib.py", line 354, in cleanup_dead_symlinks
    for left_dir in root.iterdir():
                    ~~~~~~~~~~~~^^
  File "C:\Users\Mark\AppData\Roaming\uv\python\cpython-3.14+freethreaded-windows-x86_64-none\Lib\pathlib\__init__.py", line 836, in iterdir
    with os.scandir(root_dir) as scandir_it:
         ~~~~~~~~~~^^^^^^^^^^
PermissionError: [WinError 5] Access is denied: 'C:\\Users\\Mark\\PycharmProjects\\melder_private\\context_compass\\artifacts\\inherited_cleanup_20260924\\temp_replay_1'
EEEEEEEEEEEEEEEEEEEEEEE                                                  [100%]
